{
  "Acl": {
    "Disabled": false,
    "Logger": {},
    "RolesList": {
      "administrator": {
        "name": "administrator",
        "permissions": [],
        "canAddInUsers": true,
        "isSystemRole": true
      },
      "authenticated": {
        "name": "authenticated",
        "permissions": [],
        "canAddInUsers": false,
        "isSystemRole": true
      },
      "owner": {
        "name": "owner",
        "permissions": [],
        "canAddInUsers": false,
        "isSystemRole": true
      },
      "unAuthenticated": {
        "name": "unAuthenticated",
        "permissions": [],
        "canAddInUsers": false,
        "isSystemRole": true
      }
    }
  },
  "Clock": {},
  "Options": {
    "DefaultContentType": "application/json",
    "ContentTypes": [
      "text/html",
      "application/json"
    ],
    "GormOptions": null
  },
  "Plugins": {
    "core": {
      "Plugin": null,
      "Name": "core"
    }
  },
  "Models": {},
  "Events": {
    "EnableLock": true,
    "ChannelSize": 100,
    "ConsumerNum": 3,
    "MatchMode": 0
  },
  "Configuration": {},
  "DefaultDB": "default",
  "Logger": {},
  "Routes": {},
  "Resources": {},
  "Sanitizer": {},
  "Theme": "site",
  "Layout": "layouts/default"
}