{
  "Acl": {
    "Disabled": false,
    "Logger": {},
    "RolesList": null
  },
  "Clock": {},
  "Options": {
    "DefaultContentType": "",
    "ContentTypes": [
      "text/html",
      "application/json"
    ],
    "GormOptions": null
  },
  "Plugins": {
    "core": {
      "Plugin": null,
      "Name": "core"
    }
  },
  "Models": {},
  "Events": {
    "EnableLock": true,
    "ChannelSize": 100,
    "ConsumerNum": 3,
    "MatchMode": 0
  },
  "Configuration": {},
  "DefaultDB": "default",
  "Logger": {},
  "Routes": {},
  "Resources": {},
  "Sanitizer": {},
  "RolesList": null,
  "Theme": "site",
  "Layout": "layouts/default"
}