<!doctype html><html lang=pt-br><head><title>Bolo core</title><meta charset=utf-8></head><body class="fixed-left widescreen"><main><h1>Title: Google</h1><p>ID: 1</main></body></html>