Template urls/unknown not found: theme=site layout=layouts/default